<?xml version="1.0" encoding="utf-8"?><testsuites name="pytest tests"><testsuite name="pytest" errors="0" failures="0" skipped="0" tests="97" time="1.478" timestamp="2025-12-16T04:28:44.223184-07:00" hostname="dev1-mac.local"><testcase classname="tests.test_api.TestRootEndpoint" name="test_root_returns_html" time="0.006" /><testcase classname="tests.test_api.TestRootEndpoint" name="test_root_includes_legal_notice" time="0.002" /><testcase classname="tests.test_api.TestRootEndpoint" name="test_root_documents_endpoints" time="0.002" /><testcase classname="tests.test_api.TestRootEndpoint" name="test_root_accessible_without_auth" time="0.002" /><testcase classname="tests.test_api.TestSegmentsEndpoint" name="test_segments_returns_json" time="0.003" /><testcase classname="tests.test_api.TestSegmentsEndpoint" name="test_get_segments_success" time="0.147" /><testcase classname="tests.test_api.TestSegmentsEndpoint" name="test_segments_geojson_structure" time="0.002" /><testcase classname="tests.test_api.TestSegmentsEndpoint" name="test_segments_contains_required_properties" time="0.002" /><testcase classname="tests.test_api.TestSegmentsEndpoint" name="test_segments_road_types_valid" time="0.002" /><testcase classname="tests.test_api.TestSimulateEndpoint" name="test_simulate_default_parameters" time="0.006" /><testcase classname="tests.test_api.TestSimulateEndpoint" name="test_simulate_invalid_scenario_handled" time="0.003" /><testcase classname="tests.test_api.TestScenariosEndpoint" name="test_scenarios_returns_json" time="0.003" /><testcase classname="tests.test_api.TestScenariosEndpoint" name="test_scenarios_structure" time="0.003" /><testcase classname="tests.test_api.TestErrorHandling" name="test_invalid_endpoint_returns_404" time="0.002" /><testcase classname="tests.test_api.TestErrorHandling" name="test_simulate_invalid_scenario_handled" time="0.004" /><testcase classname="tests.test_cache" name="test_redis_connection" time="0.003" /><testcase classname="tests.test_cache" name="test_redis_get_set" time="0.001" /><testcase classname="tests.test_etl.TestAttributeAggregation" name="test_aggregate_with_both_lanes_and_speed" time="0.026" /><testcase classname="tests.test_etl.TestAttributeAggregation" name="test_aggregate_with_no_lanes" time="0.002" /><testcase classname="tests.test_etl.TestAttributeAggregation" name="test_aggregate_fills_missing_values" time="0.006" /><testcase classname="tests.test_etl.TestGeometryProcessing" name="test_reproject_to_wgs84" time="0.009" /><testcase classname="tests.test_etl.TestGeometryProcessing" name="test_remove_null_geometries" time="0.004" /><testcase classname="tests.test_etl.TestGeometryProcessing" name="test_preserve_valid_geometries" time="0.003" /><testcase classname="tests.test_etl.TestNetworkProperties" name="test_capacity_calculation" time="0.006" /><testcase classname="tests.test_etl.TestNetworkProperties" name="test_travel_time_calculation" time="0.061" /><testcase classname="tests.test_etl.TestNetworkProperties" name="test_zero_speed_replacement" time="0.035" /><testcase classname="tests.test_etl.TestRoadClassification" name="test_identify_interstates" time="0.004" /><testcase classname="tests.test_etl.TestRoadClassification" name="test_identify_toll_roads" time="0.003" /><testcase classname="tests.test_etl.TestRoadClassification" name="test_both_classifications" time="0.004" /><testcase classname="tests.test_etl.TestRoadNameSynthesis" name="test_synthesize_interstate_names" time="0.005" /><testcase classname="tests.test_etl.TestRoadNameSynthesis" name="test_road_names_are_strings" time="0.003" /><testcase classname="tests.test_etl.TestDatabasePreparation" name="test_prepare_for_database_schema" time="0.037" /><testcase classname="tests.test_etl.TestDatabasePreparation" name="test_sequential_ids_assigned" time="0.036" /><testcase classname="tests.test_etl.TestEndToEndETL" name="test_complete_pipeline" time="0.039" /><testcase classname="tests.test_etl" name="test_speed_conversion[0]" time="0.000" /><testcase classname="tests.test_etl" name="test_speed_conversion[10]" time="0.000" /><testcase classname="tests.test_etl" name="test_speed_conversion[30]" time="0.000" /><testcase classname="tests.test_etl" name="test_speed_conversion[65]" time="0.000" /><testcase classname="tests.test_etl" name="test_speed_conversion[90]" time="0.000" /><testcase classname="tests.test_etl" name="test_capacity_by_lanes[1]" time="0.002" /><testcase classname="tests.test_etl" name="test_capacity_by_lanes[2]" time="0.002" /><testcase classname="tests.test_etl" name="test_capacity_by_lanes[4]" time="0.002" /><testcase classname="tests.test_etl" name="test_capacity_by_lanes[6]" time="0.002" /><testcase classname="tests.test_etl" name="test_capacity_by_lanes[8]" time="0.002" /><testcase classname="tests.test_models.TestRoadSegmentModel" name="test_road_segment_creation" time="0.001" /><testcase classname="tests.test_models.TestRoadSegmentModel" name="test_road_segment_defaults" time="0.000" /><testcase classname="tests.test_models.TestRoadSegmentModel" name="test_road_segment_nullable_fields" time="0.000" /><testcase classname="tests.test_models.TestRoadSegmentModel" name="test_road_segment_classifications" time="0.000" /><testcase classname="tests.test_models.TestRoadSegmentAttributes" name="test_capacity_values" time="0.000" /><testcase classname="tests.test_models.TestRoadSegmentAttributes" name="test_speed_limit_range" time="0.000" /><testcase classname="tests.test_models.TestRoadSegmentAttributes" name="test_cardinal_directions" time="0.000" /><testcase classname="tests.test_models.TestRoadSegmentAttributes" name="test_fdot_rd_status_codes" time="0.000" /><testcase classname="tests.test_models.TestGeometryHandling" name="test_road_segment_with_geometry" time="0.000" /><testcase classname="tests.test_models.TestGeometryHandling" name="test_geometry_string_format" time="0.000" /><testcase classname="tests.test_models.TestDatabaseOperations" name="test_insert_road_segment" time="0.001" /><testcase classname="tests.test_models.TestDatabaseOperations" name="test_update_road_segment" time="0.003" /><testcase classname="tests.test_models.TestDatabaseOperations" name="test_delete_road_segment" time="0.001" /><testcase classname="tests.test_models.TestDatabaseOperations" name="test_bulk_insert" time="0.001" /><testcase classname="tests.test_models.TestDatabaseOperations" name="test_query_by_road_type" time="0.001" /><testcase classname="tests.test_models.TestDatabaseOperations" name="test_query_capacity_range" time="0.001" /><testcase classname="tests.test_models.TestModelIndexing" name="test_id_is_indexed" time="0.000" /><testcase classname="tests.test_models.TestModelIndexing" name="test_source_target_indexed" time="0.000" /><testcase classname="tests.test_models.TestModelValidation" name="test_required_fields" time="0.000" /><testcase classname="tests.test_models.TestModelValidation" name="test_geometry_column_type" time="0.000" /><testcase classname="tests.test_models.TestModelValidation" name="test_numeric_types" time="0.000" /><testcase classname="tests.test_models" name="test_capacity_calculation_param[1]" time="0.000" /><testcase classname="tests.test_models" name="test_capacity_calculation_param[2]" time="0.000" /><testcase classname="tests.test_models" name="test_capacity_calculation_param[4]" time="0.000" /><testcase classname="tests.test_models" name="test_capacity_calculation_param[6]" time="0.000" /><testcase classname="tests.test_models" name="test_capacity_calculation_param[8]" time="0.000" /><testcase classname="tests.test_models" name="test_speed_validation_param[25]" time="0.000" /><testcase classname="tests.test_models" name="test_speed_validation_param[35]" time="0.000" /><testcase classname="tests.test_models" name="test_speed_validation_param[45]" time="0.000" /><testcase classname="tests.test_models" name="test_speed_validation_param[55]" time="0.000" /><testcase classname="tests.test_models" name="test_speed_validation_param[65]" time="0.000" /><testcase classname="tests.test_models" name="test_speed_validation_param[75]" time="0.000" /><testcase classname="tests.test_resilience" name="test_database_error_middleware" time="0.003" /><testcase classname="tests.test_resilience" name="test_generic_error_middleware" time="0.007" /><testcase classname="tests.test_resilience" name="test_health_check_unhealthy" time="0.001" /><testcase classname="tests.test_seed.TestWaitForDatabase" name="test_wait_for_database_success" time="0.001" /><testcase classname="tests.test_seed.TestWaitForDatabase" name="test_wait_for_database_timeout" time="0.001" /><testcase classname="tests.test_seed.TestCheckDatabaseSeeded" name="test_check_database_seeded_empty" time="0.001" /><testcase classname="tests.test_seed.TestCheckDatabaseSeeded" name="test_check_database_seeded_with_data" time="0.003" /><testcase classname="tests.test_seed.TestCheckDatabaseSeeded" name="test_check_database_seeded_mock" time="0.002" /><testcase classname="tests.test_seed.TestFDOTPortalParsing" name="test_parse_fdot_links_valid_html" time="0.001" /><testcase classname="tests.test_seed.TestFDOTPortalParsing" name="test_parse_fdot_links_relative_urls" time="0.001" /><testcase classname="tests.test_seed.TestFDOTPortalParsing" name="test_find_dataset_links_matching" time="0.001" /><testcase classname="tests.test_seed.TestFDOTPortalParsing" name="test_find_dataset_links_missing" time="0.000" /><testcase classname="tests.test_seed.TestDownloadFunctions" name="test_validate_shapefile_valid" time="0.005" /><testcase classname="tests.test_seed.TestDownloadFunctions" name="test_validate_shapefile_incomplete" time="0.001" /><testcase classname="tests.test_seed.TestDownloadFunctions" name="test_extract_zip_invalid" time="0.001" /><testcase classname="tests.test_seed.TestFDOTDataDownload" name="test_download_fdot_data_structure" time="0.000" /><testcase classname="tests.test_seed.TestFDOTDataDownload" name="test_fdot_datasets_configured" time="0.000" /><testcase classname="tests.test_seed.TestDownloadCleanup" name="test_tmp_directory_defined" time="0.000" /><testcase classname="tests.test_seed.TestDownloadCleanup" name="test_tmp_directory_isolation" time="0.000" /><testcase classname="tests.test_seed.TestDatabaseInitialization" name="test_initialize_database_creates_tables" time="0.001" /><testcase classname="tests.test_seed.TestDatabaseInitialization" name="test_initialize_database_idempotent" time="0.000" /></testsuite></testsuites>